// Jest Snapshot v1, https://goo.gl/fbAQLP

exports[`SignUp Component Password Input check 1`] = `ShallowWrapper {}`;

exports[`SignUp Component Should render along with children component 1`] = `ReactWrapper {}`;

exports[`SignUp Component Should render without errors 1`] = `ShallowWrapper {}`;

exports[`SignUp Component email Input check 1`] = `ShallowWrapper {}`;

exports[`SignUp Component should call onChange prop with input value 1`] = `ReactWrapper {}`;
